D:\Projects\Springboot\zosh-food\src\main\java\com\zosh\service\OrderItemService.java
D:\Projects\Springboot\zosh-food\src\main\java\com\zosh\controller\ReviewController.java
D:\Projects\Springboot\zosh-food\src\main\java\com\zosh\service\RestaurantService.java
D:\Projects\Springboot\zosh-food\src\main\java\com\zosh\model\Payment.java
D:\Projects\Springboot\zosh-food\src\main\java\com\zosh\Exception\UserException.java
D:\Projects\Springboot\zosh-food\src\main\java\com\zosh\Exception\CartItemException.java
D:\Projects\Springboot\zosh-food\src\main\java\com\zosh\service\UserService.java
D:\Projects\Springboot\zosh-food\src\main\java\com\zosh\repository\OrderRepository.java
D:\Projects\Springboot\zosh-food\src\main\java\com\zosh\request\CreateMenuItemRequest.java
D:\Projects\Springboot\zosh-food\src\main\java\com\zosh\controller\MenuItemController.java
D:\Projects\Springboot\zosh-food\src\main\java\com\zosh\model\Cart.java
D:\Projects\Springboot\zosh-food\src\main\java\com\zosh\Exception\RestaurantException.java
D:\Projects\Springboot\zosh-food\src\main\java\com\zosh\repository\CartItemRepository.java
D:\Projects\Springboot\zosh-food\src\main\java\com\zosh\config\JwtConstant.java
D:\Projects\Springboot\zosh-food\src\main\java\com\zosh\request\UpdateCartItemRequest.java
D:\Projects\Springboot\zosh-food\src\main\java\com\zosh\controller\AuthController.java
D:\Projects\Springboot\zosh-food\src\main\java\com\zosh\controller\OrderController.java
D:\Projects\Springboot\zosh-food\src\main\java\com\zosh\model\Notification.java
D:\Projects\Springboot\zosh-food\src\main\java\com\zosh\model\OrderItem.java
D:\Projects\Springboot\zosh-food\src\main\java\com\zosh\repository\RestaurantRepository.java
D:\Projects\Springboot\zosh-food\src\main\java\com\zosh\Exception\ReviewException.java
D:\Projects\Springboot\zosh-food\src\main\java\com\zosh\model\Review.java
D:\Projects\Springboot\zosh-food\src\main\java\com\zosh\request\CreateRestaurantRequest.java
D:\Projects\Springboot\zosh-food\src\main\java\com\zosh\controller\SupperAdminController.java
D:\Projects\Springboot\zosh-food\src\main\java\com\zosh\model\PaymentResponse.java
D:\Projects\Springboot\zosh-food\src\main\java\com\zosh\model\ContactInformation.java
D:\Projects\Springboot\zosh-food\src\main\java\com\zosh\repository\MenuItemRepository.java
D:\Projects\Springboot\zosh-food\src\main\java\com\zosh\request\AddCartItemRequest.java
D:\Projects\Springboot\zosh-food\src\main\java\com\zosh\model\Address.java
D:\Projects\Springboot\zosh-food\src\main\java\com\zosh\dto\RestaurantDto.java
D:\Projects\Springboot\zosh-food\src\main\java\com\zosh\model\CartItem.java
D:\Projects\Springboot\zosh-food\src\main\java\com\zosh\service\PaymentService.java
D:\Projects\Springboot\zosh-food\src\main\java\com\zosh\controller\UserController.java
D:\Projects\Springboot\zosh-food\src\main\java\com\zosh\request\CreateOrderRequest.java
D:\Projects\Springboot\zosh-food\src\main\java\com\zosh\domain\Role.java
D:\Projects\Springboot\zosh-food\src\main\java\com\zosh\service\OrderService.java
D:\Projects\Springboot\zosh-food\src\main\java\com\zosh\repository\CartRepository.java
D:\Projects\Springboot\zosh-food\src\main\java\com\zosh\Exception\MenuItemException.java
D:\Projects\Springboot\zosh-food\src\main\java\com\zosh\repository\UserRepository.java
D:\Projects\Springboot\zosh-food\src\main\java\com\zosh\service\CustomeUserServiceImplementation.java
D:\Projects\Springboot\zosh-food\src\main\java\com\zosh\service\MenuItemServiceImplementation.java
D:\Projects\Springboot\zosh-food\src\main\java\com\zosh\service\UserServiceImplementation.java
D:\Projects\Springboot\zosh-food\src\main\java\com\zosh\controller\PaymentController.java
D:\Projects\Springboot\zosh-food\src\main\java\com\zosh\response\ApiResponse.java
D:\Projects\Springboot\zosh-food\src\main\java\com\zosh\model\User.java
D:\Projects\Springboot\zosh-food\src\main\java\com\zosh\service\PaymentServiceImplementation.java
D:\Projects\Springboot\zosh-food\src\main\java\com\zosh\controller\CartController.java
D:\Projects\Springboot\zosh-food\src\main\java\com\zosh\repository\ReviewRepository.java
D:\Projects\Springboot\zosh-food\src\main\java\com\zosh\service\CartServiceImplementation.java
D:\Projects\Springboot\zosh-food\src\main\java\com\zosh\request\LoginRequest.java
D:\Projects\Springboot\zosh-food\src\main\java\com\zosh\service\MenuItemService.java
D:\Projects\Springboot\zosh-food\src\main\java\com\zosh\config\JwtProvider.java
D:\Projects\Springboot\zosh-food\src\main\java\com\zosh\Exception\OrderException.java
D:\Projects\Springboot\zosh-food\src\main\java\com\zosh\model\Promotion.java
D:\Projects\Springboot\zosh-food\src\main\java\com\zosh\service\OrderItemServiceImplementation.java
D:\Projects\Springboot\zosh-food\src\main\java\com\zosh\controller\RestaurantController.java
D:\Projects\Springboot\zosh-food\src\main\java\com\zosh\domain\OrderStatus.java
D:\Projects\Springboot\zosh-food\src\main\java\com\zosh\service\NotificationService.java
D:\Projects\Springboot\zosh-food\src\main\java\com\zosh\config\JwtTokenValidator.java
D:\Projects\Springboot\zosh-food\src\main\java\com\zosh\ZoshFoodApplication.java
D:\Projects\Springboot\zosh-food\src\main\java\com\zosh\response\AuthResponse.java
D:\Projects\Springboot\zosh-food\src\main\java\com\zosh\service\RestaurantServiceImplementation.java
D:\Projects\Springboot\zosh-food\src\main\java\com\zosh\repository\AddressRepository.java
D:\Projects\Springboot\zosh-food\src\main\java\com\zosh\model\Category.java
D:\Projects\Springboot\zosh-food\src\main\java\com\zosh\model\Restaurant.java
D:\Projects\Springboot\zosh-food\src\main\java\com\zosh\service\CartSerive.java
D:\Projects\Springboot\zosh-food\src\main\java\com\zosh\service\ReviewSerive.java
D:\Projects\Springboot\zosh-food\src\main\java\com\zosh\Exception\CartException.java
D:\Projects\Springboot\zosh-food\src\main\java\com\zosh\model\Order.java
D:\Projects\Springboot\zosh-food\src\main\java\com\zosh\repository\CategoryRepository.java
D:\Projects\Springboot\zosh-food\src\main\java\com\zosh\service\CartItemService.java
D:\Projects\Springboot\zosh-food\src\main\java\com\zosh\config\AppConfig.java
D:\Projects\Springboot\zosh-food\src\main\java\com\zosh\request\ReviewRequest.java
D:\Projects\Springboot\zosh-food\src\main\java\com\zosh\service\OrderServiceImplementation.java
D:\Projects\Springboot\zosh-food\src\main\java\com\zosh\service\ReviewServiceImplementation.java
D:\Projects\Springboot\zosh-food\src\main\java\com\zosh\repository\OrderItemRepository.java
D:\Projects\Springboot\zosh-food\src\main\java\com\zosh\model\MenuItem.java
